// Jest Snapshot v1, https://goo.gl/fbAQLP

exports[`SearchForm should match the snapshot with the correct data 1`] = `
<form
  className="search"
>
  <input
    className="search-input"
    placeholder="Search for news articles here."
    type="text"
  />
  <button
    className="search-btn"
    type="button"
  >
    Search Now
  </button>
</form>
`;
